[INFO] Scanning for projects...
[INFO] 
[INFO] -----------< com.hotelreservation:hotel-reservation-system >------------
[INFO] Building Hotel Reservation System 1.0.0
[INFO]   from pom.xml
[INFO] --------------------------------[ jar ]---------------------------------
[INFO] 
[INFO] --- clean:3.2.0:clean (default-clean) @ hotel-reservation-system ---
[INFO] Deleting C:\Users\info\Desktop\projects\hotel-reservation-system\target
[INFO] 
[INFO] --- resources:3.3.1:resources (default-resources) @ hotel-reservation-system ---
[INFO] skip non existing resourceDirectory C:\Users\info\Desktop\projects\hotel-reservation-system\src\main\resources
[INFO] 
[INFO] --- compiler:3.11.0:compile (default-compile) @ hotel-reservation-system ---
[INFO] Changes detected - recompiling the module! :source
[INFO] Compiling 10 source files with javac [debug target 17] to target\classes
[INFO] 
[INFO] --- resources:3.3.1:testResources (default-testResources) @ hotel-reservation-system ---
[INFO] skip non existing resourceDirectory C:\Users\info\Desktop\projects\hotel-reservation-system\src\test\resources
[INFO] 
[INFO] --- compiler:3.11.0:testCompile (default-testCompile) @ hotel-reservation-system ---
[INFO] Changes detected - recompiling the module! :dependency
[INFO] Compiling 4 source files with javac [debug target 17] to target\test-classes
[INFO] 
[INFO] --- surefire:3.0.0:test (default-test) @ hotel-reservation-system ---
[INFO] Using auto detected provider org.apache.maven.surefire.junitplatform.JUnitPlatformProvider
[INFO] 
[INFO] -------------------------------------------------------
[INFO]  T E S T S
[INFO] -------------------------------------------------------
[INFO] Running com.hotelreservation.services.BookingServiceTest
[ERROR] Tests run: 5, Failures: 5, Errors: 0, Skipped: 0, Time elapsed: 0.228 s <<< FAILURE! - in com.hotelreservation.services.BookingServiceTest
[ERROR] com.hotelreservation.services.BookingServiceTest.shouldBookRoomWhenBalanceIsEnough  Time elapsed: 0.078 s  <<< FAILURE!
org.opentest4j.AssertionFailedError: expected: <1> but was: <0>
	at org.junit.jupiter.api.AssertionFailureBuilder.build(AssertionFailureBuilder.java:151)
	at org.junit.jupiter.api.AssertionFailureBuilder.buildAndThrow(AssertionFailureBuilder.java:132)
	at org.junit.jupiter.api.AssertEquals.failNotEqual(AssertEquals.java:197)
	at org.junit.jupiter.api.AssertEquals.assertEquals(AssertEquals.java:150)
	at org.junit.jupiter.api.AssertEquals.assertEquals(AssertEquals.java:145)
	at org.junit.jupiter.api.Assertions.assertEquals(Assertions.java:531)
	at com.hotelreservation.services.BookingServiceTest.shouldBookRoomWhenBalanceIsEnough(BookingServiceTest.java:39)
	at java.base/java.lang.reflect.Method.invoke(Method.java:568)
	at java.base/java.util.ArrayList.forEach(ArrayList.java:1511)
	at java.base/java.util.ArrayList.forEach(ArrayList.java:1511)

[ERROR] com.hotelreservation.services.BookingServiceTest.shouldFailWhenRoomIsAlreadyBooked  Time elapsed: 0.015 s  <<< FAILURE!
org.opentest4j.AssertionFailedError: Expected java.lang.RuntimeException to be thrown, but nothing was thrown.
	at org.junit.jupiter.api.AssertionFailureBuilder.build(AssertionFailureBuilder.java:152)
	at org.junit.jupiter.api.AssertThrows.assertThrows(AssertThrows.java:73)
	at org.junit.jupiter.api.AssertThrows.assertThrows(AssertThrows.java:35)
	at org.junit.jupiter.api.Assertions.assertThrows(Assertions.java:3115)
	at com.hotelreservation.services.BookingServiceTest.shouldFailWhenRoomIsAlreadyBooked(BookingServiceTest.java:115)
	at java.base/java.lang.reflect.Method.invoke(Method.java:568)
	at java.base/java.util.ArrayList.forEach(ArrayList.java:1511)
	at java.base/java.util.ArrayList.forEach(ArrayList.java:1511)

[ERROR] com.hotelreservation.services.BookingServiceTest.shouldFailBookingWhenBalanceIsInsufficient  Time elapsed: 0.014 s  <<< FAILURE!
org.opentest4j.AssertionFailedError: Expected java.lang.RuntimeException to be thrown, but nothing was thrown.
	at org.junit.jupiter.api.AssertionFailureBuilder.build(AssertionFailureBuilder.java:152)
	at org.junit.jupiter.api.AssertThrows.assertThrows(AssertThrows.java:73)
	at org.junit.jupiter.api.AssertThrows.assertThrows(AssertThrows.java:35)
	at org.junit.jupiter.api.Assertions.assertThrows(Assertions.java:3115)
	at com.hotelreservation.services.BookingServiceTest.shouldFailBookingWhenBalanceIsInsufficient(BookingServiceTest.java:50)
	at java.base/java.lang.reflect.Method.invoke(Method.java:568)
	at java.base/java.util.ArrayList.forEach(ArrayList.java:1511)
	at java.base/java.util.ArrayList.forEach(ArrayList.java:1511)

[ERROR] com.hotelreservation.services.BookingServiceTest.shouldFailForInvalidDates  Time elapsed: 0.012 s  <<< FAILURE!
org.opentest4j.AssertionFailedError: Expected java.lang.RuntimeException to be thrown, but nothing was thrown.
	at org.junit.jupiter.api.AssertionFailureBuilder.build(AssertionFailureBuilder.java:152)
	at org.junit.jupiter.api.AssertThrows.assertThrows(AssertThrows.java:73)
	at org.junit.jupiter.api.AssertThrows.assertThrows(AssertThrows.java:35)
	at org.junit.jupiter.api.Assertions.assertThrows(Assertions.java:3115)
	at com.hotelreservation.services.BookingServiceTest.shouldFailForInvalidDates(BookingServiceTest.java:68)
	at java.base/java.lang.reflect.Method.invoke(Method.java:568)
	at java.base/java.util.ArrayList.forEach(ArrayList.java:1511)
	at java.base/java.util.ArrayList.forEach(ArrayList.java:1511)

[ERROR] com.hotelreservation.services.BookingServiceTest.shouldStoreBookingSnapshot  Time elapsed: 0.009 s  <<< FAILURE!
org.opentest4j.AssertionFailedError: expected: <1> but was: <0>
	at org.junit.jupiter.api.AssertionFailureBuilder.build(AssertionFailureBuilder.java:151)
	at org.junit.jupiter.api.AssertionFailureBuilder.buildAndThrow(AssertionFailureBuilder.java:132)
	at org.junit.jupiter.api.AssertEquals.failNotEqual(AssertEquals.java:197)
	at org.junit.jupiter.api.AssertEquals.assertEquals(AssertEquals.java:150)
	at org.junit.jupiter.api.AssertEquals.assertEquals(AssertEquals.java:145)
	at org.junit.jupiter.api.Assertions.assertEquals(Assertions.java:531)
	at com.hotelreservation.services.BookingServiceTest.shouldStoreBookingSnapshot(BookingServiceTest.java:97)
	at java.base/java.lang.reflect.Method.invoke(Method.java:568)
	at java.base/java.util.ArrayList.forEach(ArrayList.java:1511)
	at java.base/java.util.ArrayList.forEach(ArrayList.java:1511)

[INFO] Running com.hotelreservation.services.IntegrationTest
[ERROR] Tests run: 1, Failures: 1, Errors: 0, Skipped: 0, Time elapsed: 0.031 s <<< FAILURE! - in com.hotelreservation.services.IntegrationTest
[ERROR] com.hotelreservation.services.IntegrationTest.fullSystemScenarioTest  Time elapsed: 0.017 s  <<< FAILURE!
org.opentest4j.AssertionFailedError: Expected java.lang.RuntimeException to be thrown, but nothing was thrown.
	at org.junit.jupiter.api.AssertionFailureBuilder.build(AssertionFailureBuilder.java:152)
	at org.junit.jupiter.api.AssertThrows.assertThrows(AssertThrows.java:73)
	at org.junit.jupiter.api.AssertThrows.assertThrows(AssertThrows.java:35)
	at org.junit.jupiter.api.Assertions.assertThrows(Assertions.java:3115)
	at com.hotelreservation.services.IntegrationTest.fullSystemScenarioTest(IntegrationTest.java:30)
	at java.base/java.lang.reflect.Method.invoke(Method.java:568)
	at java.base/java.util.ArrayList.forEach(ArrayList.java:1511)
	at java.base/java.util.ArrayList.forEach(ArrayList.java:1511)

[INFO] Running com.hotelreservation.services.RoomServiceTest
[ERROR] Tests run: 4, Failures: 4, Errors: 0, Skipped: 0, Time elapsed: 0.072 s <<< FAILURE! - in com.hotelreservation.services.RoomServiceTest
[ERROR] com.hotelreservation.services.RoomServiceTest.shouldUpdateExistingRoomNotDuplicate  Time elapsed: 0.007 s  <<< FAILURE!
org.opentest4j.AssertionFailedError: expected: <1> but was: <0>
	at org.junit.jupiter.api.AssertionFailureBuilder.build(AssertionFailureBuilder.java:151)
	at org.junit.jupiter.api.AssertionFailureBuilder.buildAndThrow(AssertionFailureBuilder.java:132)
	at org.junit.jupiter.api.AssertEquals.failNotEqual(AssertEquals.java:197)
	at org.junit.jupiter.api.AssertEquals.assertEquals(AssertEquals.java:150)
	at org.junit.jupiter.api.AssertEquals.assertEquals(AssertEquals.java:145)
	at org.junit.jupiter.api.Assertions.assertEquals(Assertions.java:531)
	at com.hotelreservation.services.RoomServiceTest.shouldUpdateExistingRoomNotDuplicate(RoomServiceTest.java:87)
	at java.base/java.lang.reflect.Method.invoke(Method.java:568)
	at java.base/java.util.ArrayList.forEach(ArrayList.java:1511)
	at java.base/java.util.ArrayList.forEach(ArrayList.java:1511)

[ERROR] com.hotelreservation.services.RoomServiceTest.shouldAllowSameRoomTypeWithDifferentPrices  Time elapsed: 0.005 s  <<< FAILURE!
org.opentest4j.AssertionFailedError: expected: <2> but was: <0>
	at org.junit.jupiter.api.AssertionFailureBuilder.build(AssertionFailureBuilder.java:151)
	at org.junit.jupiter.api.AssertionFailureBuilder.buildAndThrow(AssertionFailureBuilder.java:132)
	at org.junit.jupiter.api.AssertEquals.failNotEqual(AssertEquals.java:197)
	at org.junit.jupiter.api.AssertEquals.assertEquals(AssertEquals.java:150)
	at org.junit.jupiter.api.AssertEquals.assertEquals(AssertEquals.java:145)
	at org.junit.jupiter.api.Assertions.assertEquals(Assertions.java:531)
	at com.hotelreservation.services.RoomServiceTest.shouldAllowSameRoomTypeWithDifferentPrices(RoomServiceTest.java:46)
	at java.base/java.lang.reflect.Method.invoke(Method.java:568)
	at java.base/java.util.ArrayList.forEach(ArrayList.java:1511)
	at java.base/java.util.ArrayList.forEach(ArrayList.java:1511)

[ERROR] com.hotelreservation.services.RoomServiceTest.shouldUpdateRoomWithoutDeletingBookings  Time elapsed: 0.032 s  <<< FAILURE!
org.opentest4j.AssertionFailedError: expected: <1> but was: <0>
	at org.junit.jupiter.api.AssertionFailureBuilder.build(AssertionFailureBuilder.java:151)
	at org.junit.jupiter.api.AssertionFailureBuilder.buildAndThrow(AssertionFailureBuilder.java:132)
	at org.junit.jupiter.api.AssertEquals.failNotEqual(AssertEquals.java:197)
	at org.junit.jupiter.api.AssertEquals.assertEquals(AssertEquals.java:150)
	at org.junit.jupiter.api.AssertEquals.assertEquals(AssertEquals.java:145)
	at org.junit.jupiter.api.Assertions.assertEquals(Assertions.java:531)
	at com.hotelreservation.services.RoomServiceTest.shouldUpdateRoomWithoutDeletingBookings(RoomServiceTest.java:72)
	at java.base/java.lang.reflect.Method.invoke(Method.java:568)
	at java.base/java.util.ArrayList.forEach(ArrayList.java:1511)
	at java.base/java.util.ArrayList.forEach(ArrayList.java:1511)

[ERROR] com.hotelreservation.services.RoomServiceTest.shouldCreateRoomIfNotExists  Time elapsed: 0.005 s  <<< FAILURE!
org.opentest4j.AssertionFailedError: expected: <1> but was: <0>
	at org.junit.jupiter.api.AssertionFailureBuilder.build(AssertionFailureBuilder.java:151)
	at org.junit.jupiter.api.AssertionFailureBuilder.buildAndThrow(AssertionFailureBuilder.java:132)
	at org.junit.jupiter.api.AssertEquals.failNotEqual(AssertEquals.java:197)
	at org.junit.jupiter.api.AssertEquals.assertEquals(AssertEquals.java:150)
	at org.junit.jupiter.api.AssertEquals.assertEquals(AssertEquals.java:145)
	at org.junit.jupiter.api.Assertions.assertEquals(Assertions.java:531)
	at com.hotelreservation.services.RoomServiceTest.shouldCreateRoomIfNotExists(RoomServiceTest.java:32)
	at java.base/java.lang.reflect.Method.invoke(Method.java:568)
	at java.base/java.util.ArrayList.forEach(ArrayList.java:1511)
	at java.base/java.util.ArrayList.forEach(ArrayList.java:1511)

[INFO] Running com.hotelreservation.services.UserServiceTest
[ERROR] Tests run: 3, Failures: 3, Errors: 0, Skipped: 0, Time elapsed: 0.028 s <<< FAILURE! - in com.hotelreservation.services.UserServiceTest
[ERROR] com.hotelreservation.services.UserServiceTest.shouldStoreMultipleUsers  Time elapsed: 0.004 s  <<< FAILURE!
org.opentest4j.AssertionFailedError: expected: <2> but was: <0>
	at org.junit.jupiter.api.AssertionFailureBuilder.build(AssertionFailureBuilder.java:151)
	at org.junit.jupiter.api.AssertionFailureBuilder.buildAndThrow(AssertionFailureBuilder.java:132)
	at org.junit.jupiter.api.AssertEquals.failNotEqual(AssertEquals.java:197)
	at org.junit.jupiter.api.AssertEquals.assertEquals(AssertEquals.java:150)
	at org.junit.jupiter.api.AssertEquals.assertEquals(AssertEquals.java:145)
	at org.junit.jupiter.api.Assertions.assertEquals(Assertions.java:531)
	at com.hotelreservation.services.UserServiceTest.shouldStoreMultipleUsers(UserServiceTest.java:54)
	at java.base/java.lang.reflect.Method.invoke(Method.java:568)
	at java.base/java.util.ArrayList.forEach(ArrayList.java:1511)
	at java.base/java.util.ArrayList.forEach(ArrayList.java:1511)

[ERROR] com.hotelreservation.services.UserServiceTest.shouldCreateUserIfNotExists  Time elapsed: 0.004 s  <<< FAILURE!
org.opentest4j.AssertionFailedError: expected: <1> but was: <0>
	at org.junit.jupiter.api.AssertionFailureBuilder.build(AssertionFailureBuilder.java:151)
	at org.junit.jupiter.api.AssertionFailureBuilder.buildAndThrow(AssertionFailureBuilder.java:132)
	at org.junit.jupiter.api.AssertEquals.failNotEqual(AssertEquals.java:197)
	at org.junit.jupiter.api.AssertEquals.assertEquals(AssertEquals.java:150)
	at org.junit.jupiter.api.AssertEquals.assertEquals(AssertEquals.java:145)
	at org.junit.jupiter.api.Assertions.assertEquals(Assertions.java:531)
	at com.hotelreservation.services.UserServiceTest.shouldCreateUserIfNotExists(UserServiceTest.java:29)
	at java.base/java.lang.reflect.Method.invoke(Method.java:568)
	at java.base/java.util.ArrayList.forEach(ArrayList.java:1511)
	at java.base/java.util.ArrayList.forEach(ArrayList.java:1511)

[ERROR] com.hotelreservation.services.UserServiceTest.shouldUpdateUserNotDuplicate  Time elapsed: 0.009 s  <<< FAILURE!
org.opentest4j.AssertionFailedError: expected: <1> but was: <0>
	at org.junit.jupiter.api.AssertionFailureBuilder.build(AssertionFailureBuilder.java:151)
	at org.junit.jupiter.api.AssertionFailureBuilder.buildAndThrow(AssertionFailureBuilder.java:132)
	at org.junit.jupiter.api.AssertEquals.failNotEqual(AssertEquals.java:197)
	at org.junit.jupiter.api.AssertEquals.assertEquals(AssertEquals.java:150)
	at org.junit.jupiter.api.AssertEquals.assertEquals(AssertEquals.java:145)
	at org.junit.jupiter.api.Assertions.assertEquals(Assertions.java:531)
	at com.hotelreservation.services.UserServiceTest.shouldUpdateUserNotDuplicate(UserServiceTest.java:42)
	at java.base/java.lang.reflect.Method.invoke(Method.java:568)
	at java.base/java.util.ArrayList.forEach(ArrayList.java:1511)
	at java.base/java.util.ArrayList.forEach(ArrayList.java:1511)

[INFO] 
[INFO] Results:
[INFO] 
[ERROR] Failures: 
[ERROR]   BookingServiceTest.shouldBookRoomWhenBalanceIsEnough:39 expected: <1> but was: <0>
[ERROR]   BookingServiceTest.shouldFailBookingWhenBalanceIsInsufficient:50 Expected java.lang.RuntimeException to be thrown, but nothing was thrown.
[ERROR]   BookingServiceTest.shouldFailForInvalidDates:68 Expected java.lang.RuntimeException to be thrown, but nothing was thrown.
[ERROR]   BookingServiceTest.shouldFailWhenRoomIsAlreadyBooked:115 Expected java.lang.RuntimeException to be thrown, but nothing was thrown.
[ERROR]   BookingServiceTest.shouldStoreBookingSnapshot:97 expected: <1> but was: <0>
[ERROR]   IntegrationTest.fullSystemScenarioTest:30 Expected java.lang.RuntimeException to be thrown, but nothing was thrown.
[ERROR]   RoomServiceTest.shouldAllowSameRoomTypeWithDifferentPrices:46 expected: <2> but was: <0>
[ERROR]   RoomServiceTest.shouldCreateRoomIfNotExists:32 expected: <1> but was: <0>
[ERROR]   RoomServiceTest.shouldUpdateExistingRoomNotDuplicate:87 expected: <1> but was: <0>
[ERROR]   RoomServiceTest.shouldUpdateRoomWithoutDeletingBookings:72 expected: <1> but was: <0>
[ERROR]   UserServiceTest.shouldCreateUserIfNotExists:29 expected: <1> but was: <0>
[ERROR]   UserServiceTest.shouldStoreMultipleUsers:54 expected: <2> but was: <0>
[ERROR]   UserServiceTest.shouldUpdateUserNotDuplicate:42 expected: <1> but was: <0>
[INFO] 
[ERROR] Tests run: 13, Failures: 13, Errors: 0, Skipped: 0
[INFO] 
[INFO] ------------------------------------------------------------------------
[INFO] BUILD FAILURE
[INFO] ------------------------------------------------------------------------
[INFO] Total time:  8.444 s
[INFO] Finished at: 2025-12-18T00:11:33+01:00
[INFO] ------------------------------------------------------------------------
[ERROR] Failed to execute goal org.apache.maven.plugins:maven-surefire-plugin:3.0.0:test (default-test) on project hotel-reservation-system: There are test failures.
[ERROR] 
[ERROR] Please refer to C:\Users\info\Desktop\projects\hotel-reservation-system\target\surefire-reports for the individual test results.
[ERROR] Please refer to dump files (if any exist) [date].dump, [date]-jvmRun[N].dump and [date].dumpstream.
[ERROR] -> [Help 1]
[ERROR] 
[ERROR] To see the full stack trace of the errors, re-run Maven with the -e switch.
[ERROR] Re-run Maven using the -X switch to enable full debug logging.
[ERROR] 
[ERROR] For more information about the errors and possible solutions, please read the following articles:
[ERROR] [Help 1] http://cwiki.apache.org/confluence/display/MAVEN/MojoFailureException
